[fickle.aimmate.com/index.html]
[backblue.gif]
[fade.gif]
[index.html]
[fickle.aimmate.com/assets/images/ios/fickle-logo-72.png]
[fickle.aimmate.com/assets/images/ios/fickle-logo-114.png]
[fickle.aimmate.com/assets/images/ico/fab.ico]
[fickle.aimmate.com/assets/css/plugins/pace.css]
[fickle.aimmate.com/assets/js/pace.min.js]
[fickle.aimmate.com/assets/css/bootstrap.min.css]
[fickle.aimmate.com/assets/css/plugins/bootstrap-progressbar-3.1.1.css]
[fickle.aimmate.com/assets/css/plugins/jquery-jvectormap.css]
[fickle.aimmate.com/assets/css/plugins/amaranjs/jquery.amaran.css]
[fickle.aimmate.com/assets/css/plugins/amaranjs/theme/all-themes.css]
[fickle.aimmate.com/assets/css/plugins/amaranjs/theme/awesome.css]
[fickle.aimmate.com/assets/css/plugins/amaranjs/theme/default.css]
[fickle.aimmate.com/assets/css/plugins/amaranjs/theme/blur.css]
[fickle.aimmate.com/assets/css/plugins/amaranjs/theme/user.css]
[fickle.aimmate.com/assets/css/plugins/amaranjs/theme/readmore.css]
[fickle.aimmate.com/assets/css/plugins/amaranjs/theme/metro.css]
[fickle.aimmate.com/assets/css/style.css]
[fickle.aimmate.com/assets/css/responsive.css]
[fickle.aimmate.com/index-2.html]
[fickle.aimmate.com/assets/images/userimage/avatar3-80.png]
[fickle.aimmate.com/assets/images/userimage/avatar2-80.png]
[fickle.aimmate.com/assets/images/userimage/avatar1-80.png]
[fickle.aimmate.com/mail.html]
[fickle.aimmate.com/lock-screen.html]
[fickle.aimmate.com/login.html]
[fickle.aimmate.com/compose-mail.html]
[fickle.aimmate.com/c3js.html]
[fickle.aimmate.com/chartjs.html]
[fickle.aimmate.com/flotchart.html]
[fickle.aimmate.com/morrisjs.html]
[fickle.aimmate.com/sparkline.html]
[fickle.aimmate.com/sample-form.html]
[fickle.aimmate.com/form-wizard.html]
[fickle.aimmate.com/form-validation.html]
[fickle.aimmate.com/editor.html]
[fickle.aimmate.com/button-switch.html]
[fickle.aimmate.com/checkbox-radio.html]
[fickle.aimmate.com/select-tag.html]
[fickle.aimmate.com/knob-slider.html]
[fickle.aimmate.com/picker-tool.html]
[fickle.aimmate.com/drag-drop.html]
[fickle.aimmate.com/ui-elements.html]
[fickle.aimmate.com/tree-view.html]
[fickle.aimmate.com/timeline.html]
[fickle.aimmate.com/table.html]
[fickle.aimmate.com/notification.html]
[fickle.aimmate.com/note-task.html]
[fickle.aimmate.com/calender.html]
[fickle.aimmate.com/googlemap.html]
[fickle.aimmate.com/vector-maps.html]
[fickle.aimmate.com/four-column-gallery.html]
[fickle.aimmate.com/three-column-gallery.html]
[fickle.aimmate.com/two-column-gallery.html]
[fickle.aimmate.com/image-crop.html]
[fickle.aimmate.com/magnify.html]
[fickle.aimmate.com/media.html]
[fickle.aimmate.com/typography.html]
[fickle.aimmate.com/pricing-table.html]
[fickle.aimmate.com/profile.html]
[fickle.aimmate.com/registration.html]
[fickle.aimmate.com/coming-soon.html]
[fickle.aimmate.com/widget.html]
[fickle.aimmate.com/grid.html]
[fickle.aimmate.com/panel.html]
[fickle.aimmate.com/404.html]
[fickle.aimmate.com/500.html]
[fickle.aimmate.com/font-awesome.html]
[fickle.aimmate.com/glyphicons.html]
[fickle.aimmate.com/blank.html]
[fickle.aimmate.com/minimize-left.html]
[fickle.aimmate.com/maximize-right.html]
[fickle.aimmate.com/with-footer.html]
[fickle.aimmate.com/red-color.html]
[fickle.aimmate.com/blue-color.html]
[fickle.aimmate.com/light-green-color.html]
[fickle.aimmate.com/black-color.html]
[fickle.aimmate.com/deep-blue-color.html]
[fickle.aimmate.com/assets/js/color.js]
[fickle.aimmate.com/assets/js/lib/jquery-1.11.min.js]
[fickle.aimmate.com/assets/js/bootstrap.min.js]
[fickle.aimmate.com/assets/js/multipleAccordion.js]
[fickle.aimmate.com/assets/js/lib/jquery.easing.js]
[fickle.aimmate.com/assets/js/jquery.nanoscroller.min.js]
[fickle.aimmate.com/assets/js/switchery.min.js]
[fickle.aimmate.com/assets/js/bootstrap-switch.js]
[fickle.aimmate.com/assets/js/jquery.easypiechart.min.js]
[fickle.aimmate.com/assets/js/bootstrap-progressbar.min.js]
[fickle.aimmate.com/assets/js/chart/flot/jquery.flot.js]
[fickle.aimmate.com/assets/js/chart/flot/jquery.flot.pie.js]
[fickle.aimmate.com/assets/js/chart/flot/jquery.flot.resize.js]
[fickle.aimmate.com/assets/js/pages/layout.js]
[fickle.aimmate.com/assets/js/countUp.min.js]
[fickle.aimmate.com/assets/js/skycons.js]
[fickle.aimmate.com/assets/js/jvectormap/jquery-jvectormap-1.2.2.min.js]
[fickle.aimmate.com/assets/js/jvectormap/jquery-jvectormap-world-mill-en.js]
[fickle.aimmate.com/assets/js/jquery.amaran.js]
[fickle.aimmate.com/assets/js/pages/dashboard.js]
[fickle.aimmate.com/index.html]
[fickle.aimmate.com/assets/css/plugins/pace.css]
[fickle.aimmate.com/assets/fonts/glyphicons-halflings-regular.eot]
[fickle.aimmate.com/assets/fonts/glyphicons-halflings-regular.woff]
[fickle.aimmate.com/assets/fonts/glyphicons-halflings-regulard41d.eot]
[fickle.aimmate.com/assets/fonts/glyphicons-halflings-regular.ttf]
[fickle.aimmate.com/assets/css/bootstrap.min.css]
[fickle.aimmate.com/assets/css/plugins/bootstrap-progressbar-3.1.1.css]
[fickle.aimmate.com/assets/css/plugins/jquery-jvectormap.css]
[fickle.aimmate.com/assets/css/plugins/amaranjs/jquery.amaran.css]
[fickle.aimmate.com/assets/css/plugins/amaranjs/theme/all-themes.css]
[fickle.aimmate.com/assets/css/plugins/amaranjs/theme/awesome.css]
[fickle.aimmate.com/assets/css/plugins/amaranjs/theme/default.css]
[fickle.aimmate.com/assets/css/plugins/amaranjs/theme/blur.css]
[fickle.aimmate.com/assets/css/plugins/amaranjs/theme/user.css]
[fickle.aimmate.com/assets/css/plugins/amaranjs/theme/rounded.css]
[fickle.aimmate.com/assets/css/plugins/amaranjs/theme/readmore.css]
[fickle.aimmate.com/assets/css/plugins/amaranjs/theme/metro.css]
[fickle.aimmate.com/assets/css/font-awesome/css/font-awesome.min.css]
[fickle.aimmate.com/assets/images/search-icon.png]
[fickle.aimmate.com/assets/images/arrow_asc.png]
[fickle.aimmate.com/assets/images/arrow_desc.png]
[fickle.aimmate.com/assets/images/icons/glyphicons_move.png]
[fickle.aimmate.com/assets/images/datatable/sort_both.png]
[fickle.aimmate.com/assets/images/datatable/sort_desc.png]
[fickle.aimmate.com/assets/images/datatable/back_disabled.png]
[fickle.aimmate.com/assets/images/datatable/back_enabled.png]
[fickle.aimmate.com/assets/images/datatable/forward_disabled.png]
[fickle.aimmate.com/assets/images/datatable/forward_enabled.png]
[fickle.aimmate.com/assets/images/datatable/sort_asc.png]
[fickle.aimmate.com/assets/images/datatable/sort_asc_disabled.png]
[fickle.aimmate.com/assets/images/datatable/sort_desc_disabled.png]
[fickle.aimmate.com/assets/images/icons/glyphicons_pencil.png]
[fickle.aimmate.com/assets/images/link.png]
[fickle.aimmate.com/assets/images/arrows.png]
[fickle.aimmate.com/assets/images/slider/pestrycake-1280x800.png]
[fickle.aimmate.com/assets/css/style.css]
[fickle.aimmate.com/assets/css/responsive.css]
[fickle.aimmate.com/index-2.html]
[fickle.aimmate.com/assets/images/userimage/avatar2-115.png]
[fickle.aimmate.com/assets/images/gallery/120/1.png]
[fickle.aimmate.com/assets/images/gallery/120/2.png]
[fickle.aimmate.com/assets/images/gallery/120/3.png]
[fickle.aimmate.com/assets/images/gallery/120/4.png]
[fickle.aimmate.com/assets/js/pages/mail.js]
[fickle.aimmate.com/mail.html]
[fickle.aimmate.com/assets/css/plugins/bootstrap-switch.min.css]
[fickle.aimmate.com/assets/css/plugins/ladda-themeless.min.css]
[fickle.aimmate.com/assets/css/plugins/humane_themes/bigbox.css]
[fickle.aimmate.com/assets/css/plugins/humane_themes/libnotify.css]
[fickle.aimmate.com/assets/css/plugins/humane_themes/jackedup.css]
[fickle.aimmate.com/assets/js/lib/jquery-2.1.1.min.js]
[fickle.aimmate.com/assets/js/bootstrap-switch.min.js]
[fickle.aimmate.com/assets/js/loader/spin.js]
[fickle.aimmate.com/assets/js/loader/ladda.js]
[fickle.aimmate.com/assets/js/humane.min.js]
[fickle.aimmate.com/assets/js/pages/lockScreen.js]
[fickle.aimmate.com/lock-screen.html]
[fickle.aimmate.com/assets/js/pages/login.js]
[fickle.aimmate.com/login.html]
[fickle.aimmate.com/assets/css/plugins/fileinput.min.css]
[fickle.aimmate.com/assets/css/plugins/selectize.bootstrap3.css]
[fickle.aimmate.com/assets/css/plugins/summernote.css]
[fickle.aimmate.com/assets/js/selectize.min.js]
[fickle.aimmate.com/assets/js/fileinput.min.js]
[fickle.aimmate.com/assets/js/summernote.min.js]
[fickle.aimmate.com/assets/js/pages/composMail.js]
[fickle.aimmate.com/compose-mail.html]
[fickle.aimmate.com/assets/css/plugins/c3js/c3.css]
[fickle.aimmate.com/assets/js/c3js/d3.v3.min.js]
[fickle.aimmate.com/assets/js/c3js/c3.min.js]
[fickle.aimmate.com/assets/js/pages/c3.js]
[fickle.aimmate.com/c3js.html]
[fickle.aimmate.com/assets/js/chart/chartjs/Chart.min.js]
[fickle.aimmate.com/assets/js/pages/chartjs.js]
[fickle.aimmate.com/chartjs.html]
[fickle.aimmate.com/assets/js/pages/demo.flotchart.js]
[fickle.aimmate.com/flotchart.html]
[fickle.aimmate.com/assets/js/chart/morris.min.js]
[fickle.aimmate.com/assets/js/chart/raphael-min.js]
[fickle.aimmate.com/assets/js/pages/demo.morris.js]
[fickle.aimmate.com/morrisjs.html]
[fickle.aimmate.com/assets/js/chart/jquery.sparkline.js]
[fickle.aimmate.com/assets/js/pages/demo.sparkline.js]
[fickle.aimmate.com/sparkline.html]
[fickle.aimmate.com/assets/js/jquery.autosize.js]
[fickle.aimmate.com/assets/js/pages/sampleForm.js]
[fickle.aimmate.com/sample-form.html]
[fickle.aimmate.com/assets/css/plugins/custom_smart_wizard.css]
[fickle.aimmate.com/assets/js/jquery.smartWizard.js]
[fickle.aimmate.com/assets/js/pages/formWizard.js]
[fickle.aimmate.com/form-wizard.html]
[fickle.aimmate.com/assets/css/plugins/validationEngine.jquery.css]
[fickle.aimmate.com/assets/js/jquery.maskedinput.min.js]
[fickle.aimmate.com/assets/js/validationEngine/languages/jquery.validationEngine-en.js]
[fickle.aimmate.com/assets/js/validationEngine/jquery.validationEngine.js]
[fickle.aimmate.com/assets/js/bootstrapvalidator/bootstrapValidator.js]
[fickle.aimmate.com/assets/js/pages/formValidation.js]
[fickle.aimmate.com/form-validation.html]
[fickle.aimmate.com/assets/js/pages/editor.js]
[fickle.aimmate.com/editor.html]
[fickle.aimmate.com/assets/js/pages/buttonSwitch.js]
[fickle.aimmate.com/button-switch.html]
[fickle.aimmate.com/assets/css/plugins/icheck/skins/all.css]
[fickle.aimmate.com/assets/js/icheck.min.js]
[fickle.aimmate.com/assets/js/pages/checkboxRadio.js]
[fickle.aimmate.com/checkbox-radio.html]
[fickle.aimmate.com/assets/js/lib/jqueryui.js]
[fickle.aimmate.com/assets/js/pages/selectTag.js]
[fickle.aimmate.com/select-tag.html]
[fickle.aimmate.com/assets/css/plugins/rangeSlider/ion.rangeSlider.css]
[fickle.aimmate.com/assets/css/plugins/rangeSlider/ion.rangeSlider.skinFlat.css]
[fickle.aimmate.com/assets/js/jquery.knob.js]
[fickle.aimmate.com/assets/js/ion.rangeSlider.min.js]
[fickle.aimmate.com/assets/js/pages/knobSlider.js]
[fickle.aimmate.com/knob-slider.html]
[fickle.aimmate.com/assets/css/plugins/jquery.minicolors.css]
[fickle.aimmate.com/assets/css/plugins/jquery.datetimepicker.css]
[fickle.aimmate.com/assets/js/jquery.minicolors.min.js]
[fickle.aimmate.com/assets/js/jquery.datetimepicker.js]
[fickle.aimmate.com/assets/js/pages/pickerTool.js]
[fickle.aimmate.com/picker-tool.html]
[fickle.aimmate.com/assets/js/jquery-sortable.js]
[fickle.aimmate.com/assets/js/pages/dragAndDrop.js]
[fickle.aimmate.com/drag-drop.html]
[fickle.aimmate.com/assets/css/plugins/jquery.toolbars.css]
[fickle.aimmate.com/assets/css/plugins/jquery.remodal.css]
[fickle.aimmate.com/assets/css/plugins/tab.css]
[fickle.aimmate.com/assets/css/plugins/accordion.css]
[fickle.aimmate.com/assets/js/bootstrap-rating-input.min.js]
[fickle.aimmate.com/assets/js/jquery.toolbar.min.js]
[fickle.aimmate.com/assets/js/notify.min.js]
[fickle.aimmate.com/assets/js/tabulous.js]
[fickle.aimmate.com/assets/js/jquery.qrcode.js]
[fickle.aimmate.com/assets/js/qrcode.js]
[fickle.aimmate.com/assets/js/jquery.remodal.min.js]
[fickle.aimmate.com/assets/js/bootbox.min.js]
[fickle.aimmate.com/assets/js/pages/uiElements.js]
[fickle.aimmate.com/ui-elements.html]
[fickle.aimmate.com/assets/images/ico/fab3860.ico]
[fickle.aimmate.com/assets/css/plugins/easyTree.css]
[fickle.aimmate.com/assets/js/easyTree.js]
[fickle.aimmate.com/assets/js/pages/demo.treeView.js]
[fickle.aimmate.com/tree-view.html]
[fickle.aimmate.com/assets/css/plugins/lightGallery.css]
[fickle.aimmate.com/assets/images/gallery/book-table-460x290.png]
[fickle.aimmate.com/assets/images/gallery/dj-mix-460x290.png]
[fickle.aimmate.com/assets/images/gallery/iphone-hand-460x290.png]
[fickle.aimmate.com/assets/images/gallery/camera-lense-460x290.png]
[fickle.aimmate.com/assets/images/gallery/i-phone5s-460x290.png]
[fickle.aimmate.com/assets/images/gallery/120/5.png]
[fickle.aimmate.com/assets/images/gallery/iphone-diary-460x290.png]
[fickle.aimmate.com/assets/images/gallery/120/7.png]
[fickle.aimmate.com/assets/js/lightGallery.js]
[fickle.aimmate.com/assets/js/pages/demo.timeline.js]
[fickle.aimmate.com/timeline.html]
[fickle.aimmate.com/assets/css/plugins/dndTable.css]
[fickle.aimmate.com/assets/css/plugins/tsort.css]
[ajax.googleapis.com/ajax/libs/jqueryui/1.10.2/jquery-ui.min.js]
[fickle.aimmate.com/assets/js/tsort.js]
[fickle.aimmate.com/assets/js/jquery.tablednd.js]
[fickle.aimmate.com/assets/js/jquery.dragtable.js]
[fickle.aimmate.com/assets/js/editable-table/jquery.dataTables.js]
[fickle.aimmate.com/assets/js/editable-table/jquery.validate.js]
[fickle.aimmate.com/assets/js/editable-table/jquery.jeditable.js]
[fickle.aimmate.com/assets/js/editable-table/jquery.dataTables.editable.js]
[fickle.aimmate.com/assets/js/pages/table.js]
[fickle.aimmate.com/table.html]
[fickle.aimmate.com/assets/js/pages/notification.js]
[fickle.aimmate.com/notification.html]
[fickle.aimmate.com/assets/js/slip.js]
[fickle.aimmate.com/assets/js/masonry.min.js]
[fickle.aimmate.com/assets/js/pages/noteTask.js]
[fickle.aimmate.com/note-task.html]
[fickle.aimmate.com/assets/css/plugins/fullcalendar/fullcalendar.css]
[fickle.aimmate.com/assets/css/plugins/fullcalendar/fullcalendar.print.css]
[fickle.aimmate.com/assets/css/plugins/calendario/ls-calendario.css]
[fickle.aimmate.com/assets/js/lib/modernizr.js]
[fickle.aimmate.com/assets/js/fullcalendar.min.js]
[fickle.aimmate.com/assets/js/jquery.calendario.js]
[fickle.aimmate.com/assets/js/data.js]
[fickle.aimmate.com/assets/js/pages/calender.js]
[fickle.aimmate.com/calender.html]
[fickle.aimmate.com/assets/js/jquery.gomap-1.3.2.min.js]
[fickle.aimmate.com/assets/js/markerclusterer.js]
[fickle.aimmate.com/assets/js/pages/googleMap.js]
[fickle.aimmate.com/googlemap.html]
[fickle.aimmate.com/assets/js/jvectormap/jquery-jvectormap-us-aea-en.js]
[fickle.aimmate.com/assets/js/jvectormap/jquery-jvectormap-au-mill-en.js]
[fickle.aimmate.com/assets/js/jvectormap/jquery-jvectormap-uk-mill-en.js]
[fickle.aimmate.com/assets/js/jvectormap/mall-map.js]
[fickle.aimmate.com/assets/js/pages/vectorMap.js]
[fickle.aimmate.com/vector-maps.html]
[fickle.aimmate.com/assets/css/plugins/shuffle.css]
[fickle.aimmate.com/assets/images/gallery/mac-tea-460x290.png]
[fickle.aimmate.com/assets/images/gallery/mac-460x290.png]
[fickle.aimmate.com/assets/images/gallery/car-iphone-460x290.png]
[fickle.aimmate.com/assets/images/gallery/glass-mac-460x290.png]
[fickle.aimmate.com/assets/images/gallery/camera-460x290.png]
[fickle.aimmate.com/assets/images/gallery/lady-type-460x290.png]
[fickle.aimmate.com/assets/images/gallery/connector-460x290.png]
[fickle.aimmate.com/assets/js/gallery/shuffle.js]
[fickle.aimmate.com/assets/js/gallery/prism.js]
[fickle.aimmate.com/Fickle]
[fickle.aimmate.com/assets/js/gallery/page.js]
[fickle.aimmate.com/assets/js/gallery/evenheights.js]
[fickle.aimmate.com/assets/js/pages/demo.gallery.js]
[fickle.aimmate.com/four-column-gallery.html]
[fickle.aimmate.com/assets/images/gallery/diacelar-460x290.png]
[fickle.aimmate.com/fickle]
[fickle.aimmate.com/three-column-gallery.html]
[fickle.aimmate.com/two-column-gallery.html]
[fickle.aimmate.com/assets/css/plugins/cropper.css]
[fickle.aimmate.com/assets/css/plugins/drag_drop_image.css]
[fickle.aimmate.com/assets/images/slider/snacks-1280x800.png]
[fickle.aimmate.com/assets/js/lib/modernizr.custom.js]
[fickle.aimmate.com/assets/js/cropper.js]
[ajax.microsoft.com/ajax/jquery.templates/beta1/jquery.tmpl.min.js]
[fickle.aimmate.com/assets/js/jquery-image-upload.js]
[fickle.aimmate.com/assets/js/pages/imageCrop.js]
[fickle.aimmate.com/image-crop.html]
[fickle.aimmate.com/assets/css/plugins/bootstrap-magnify.css]
[fickle.aimmate.com/assets/css/plugins/fluidbox.css]
[fickle.aimmate.com/assets/images/slider/snacks-1280-400.png]
[fickle.aimmate.com/assets/images/slider/coffe-1280.png]
[fickle.aimmate.com/assets/images/slider/nuts-1280.png]
[fickle.aimmate.com/assets/images/slider/piza-1280.png]
[fickle.aimmate.com/assets/images/slider/hotdog-1280.png]
[fickle.aimmate.com/assets/images/slider/new-1280.png]
[fickle.aimmate.com/assets/images/slider/yummy-1280.png]
[fickle.aimmate.com/assets/js/bootstrap-magnify.js]
[fickle.aimmate.com/assets/js/jquery.fluidbox.js]
[fickle.aimmate.com/assets/js/pages/demo.magnify.js]
[fickle.aimmate.com/magnify.html]
[fickle.aimmate.com/assets/css/plugins/jplayer.css]
[fickle.aimmate.com/assets/js/media-player/jquery.jplayer.min.js]
[fickle.aimmate.com/assets/js/media-player/jplayer.playlist.min.js]
[fickle.aimmate.com/assets/js/media-player/jquery.jplayer.inspector.js]
[fickle.aimmate.com/assets/js/pages/media.js]
[fickle.aimmate.com/media.html]
[fickle.aimmate.com/typography.html]
[fickle.aimmate.com/pricing-table.html]
[fickle.aimmate.com/assets/images/userimage/avatar1-115.png]
[fickle.aimmate.com/assets/images/userimage/avatar-115.png]
[fickle.aimmate.com/assets/images/userimage/avatar3-115.png]
[fickle.aimmate.com/assets/js/jquery.circliful.min.js]
[fickle.aimmate.com/assets/js/pages/demo.profile.js]
[fickle.aimmate.com/profile.html]
[fickle.aimmate.com/assets/js/pages/registration.js]
[fickle.aimmate.com/registration.html]
[fickle.aimmate.com/assets/css/plugins/TimeCircles.css]
[fickle.aimmate.com/assets/js/shine.min.js]
[fickle.aimmate.com/assets/js/TimeCircles.js]
[fickle.aimmate.com/assets/js/pages/comingSoon.js]
[fickle.aimmate.com/coming-soon.html]
[fickle.aimmate.com/assets/css/plugins/weatherFeed.css]
[fickle.aimmate.com/assets/css/plugins/simpleWeather.css]
[fickle.aimmate.com/assets/js/jquery.zweatherfeed.min.js]
[fickle.aimmate.com/assets/js/jquery.simpleWeather.min.js]
[fickle.aimmate.com/assets/js/pages/widget.js]
[fickle.aimmate.com/widget.html]
[fickle.aimmate.com/grid.html]
[fickle.aimmate.com/panel.html]
[fickle.aimmate.com/404.html]
[fickle.aimmate.com/500.html]
[fickle.aimmate.com/assets/js/pages/fontAwesome.js]
[fickle.aimmate.com/font-awesome.html]
[fickle.aimmate.com/assets/js/pages/glyphicons.js]
[fickle.aimmate.com/glyphicons.html]
[fickle.aimmate.com/blank.html]
[fickle.aimmate.com/minimize-left.html]
[fickle.aimmate.com/maximize-right.html]
[fickle.aimmate.com/with-footer.html]
[fickle.aimmate.com/red-color.html]
[fickle.aimmate.com/blue-color.html]
[fickle.aimmate.com/light-green-color.html]
[fickle.aimmate.com/black-color.html]
[fickle.aimmate.com/deep-blue-color.html]
[fickle.aimmate.com/assets/fonts/glyphicons-halflings-regular.svg]
[fickle.aimmate.com/assets/css/font-awesome/fonts/fontawesome-webfont862f.eot]
[fickle.aimmate.com/assets/css/font-awesome/fonts/fontawesome-webfontd41d.eot]
[fickle.aimmate.com/assets/css/font-awesome/fonts/fontawesome-webfont862f.woff]
[fickle.aimmate.com/assets/css/font-awesome/fonts/fontawesome-webfont862f.ttf]
[fickle.aimmate.com/assets/css/font-awesome/css/font-awesome.min.css]
[fickle.aimmate.com/assets/css/plugins/bootstrap-switch.min.css]
[fickle.aimmate.com/assets/css/plugins/ladda-themeless.min.css]
[fickle.aimmate.com/assets/css/plugins/humane_themes/bigbox.css]
[fickle.aimmate.com/assets/css/plugins/humane_themes/libnotify.css]
[fickle.aimmate.com/assets/css/plugins/humane_themes/jackedup.css]
[fickle.aimmate.com/assets/css/img/loading.gif]
[fickle.aimmate.com/assets/css/plugins/fileinput.min.css]
[fickle.aimmate.com/assets/css/plugins/selectize.bootstrap3.css]
[fickle.aimmate.com/assets/css/plugins/summernote.css]
[fickle.aimmate.com/assets/css/plugins/c3js/c3.css]
[fickle.aimmate.com/assets/images/loader.gif]
[fickle.aimmate.com/assets/css/plugins/custom_smart_wizard.css]
[fickle.aimmate.com/assets/css/plugins/validationEngine.jquery.css]
[fickle.aimmate.com/assets/css/plugins/bootstrapValidator.css]
[fickle.aimmate.com/assets/css/plugins/icheck/skins/minimal/_all.css]
[fickle.aimmate.com/assets/css/plugins/icheck/skins/square/_all.css]
[fickle.aimmate.com/assets/css/plugins/icheck/skins/flat/_all.css]
[fickle.aimmate.com/assets/css/plugins/icheck/skins/line/_all.css]
[fickle.aimmate.com/assets/css/plugins/icheck/skins/polaris/polaris.css]
[fickle.aimmate.com/assets/css/plugins/icheck/skins/all.css]
[fickle.aimmate.com/assets/css/plugins/rangeSlider/ion.rangeSlider.css]
[fickle.aimmate.com/assets/css/plugins/icheck/skins/futurico/futurico.css]
[fickle.aimmate.com/assets/images/rangeslider/sprite-skin-flat.png]
[fickle.aimmate.com/assets/css/plugins/rangeSlider/ion.rangeSlider.skinFlat.css]
[fickle.aimmate.com/assets/images/minicolor/jquery.minicolors.png]
[fickle.aimmate.com/assets/css/plugins/jquery.minicolors.css]
[fickle.aimmate.com/assets/css/plugins/jquery.datetimepicker.css]
[fickle.aimmate.com/assets/css/plugins/jquery.toolbars.css]
[fickle.aimmate.com/assets/css/plugins/jquery.remodal.css]
[fickle.aimmate.com/assets/css/plugins/tab.css]
[fickle.aimmate.com/assets/images/arrow_down.png]
[fickle.aimmate.com/assets/images/arrow_up.png]
[fickle.aimmate.com/assets/css/plugins/accordion.css]
[fickle.aimmate.com/assets/css/plugins/easyTree.css]
[fickle.aimmate.com/assets/fonts/Slide-icons.eot]
[fickle.aimmate.com/assets/images/loading.gif]
[fickle.aimmate.com/assets/css/plugins/lightGallery.css]
[fickle.aimmate.com/assets/css/plugins/dndTable.css]
[fickle.aimmate.com/assets/css/plugins/arrow_asc.png]
[fickle.aimmate.com/assets/css/plugins/arrow_desc.png]
[fickle.aimmate.com/assets/css/plugins/tsort.css]
[fickle.aimmate.com/assets/css/plugins/fullcalendar/fullcalendar.css]
[fickle.aimmate.com/assets/css/plugins/fullcalendar/fullcalendar.print.css]
[fickle.aimmate.com/assets/css/plugins/calendario/fonts/fontawesome-selected.eot]
[fickle.aimmate.com/assets/css/plugins/calendario/fonts/fontawesome-selected.woff]
[fickle.aimmate.com/assets/css/plugins/calendario/fonts/fontawesome-selectedd41d.eot]
[fickle.aimmate.com/assets/css/plugins/calendario/fonts/fontawesome-selected.ttf]
[fickle.aimmate.com/assets/css/plugins/calendario/ls-calendario.css]
[fickle.aimmate.com/assets/css/plugins/shuffle.css]
[fickle.aimmate.com/Fickle.html]
[fickle.aimmate.com/fickle-2.html]
[fickle.aimmate.com/assets/css/plugins/cropper.css]
[fickle.aimmate.com/assets/css/plugins/drag_drop_image.css]
[ajax.microsoft.com/ajax/jquery.templates/beta1/jquery.tmpl.min.js]
[fickle.aimmate.com/assets/css/plugins/bootstrap-magnify.css]
[fickle.aimmate.com/assets/css/plugins/fluidbox.css]
[fickle.aimmate.com/assets/images/slider/new-1280.png]
[fickle.aimmate.com/assets/images/slider/hotdog-1280.png]
[fickle.aimmate.com/assets/images/media-player/jplayer.jpg]
[fickle.aimmate.com/assets/images/media-player/jplayer.gif]
[fickle.aimmate.com/assets/css/plugins/jplayer.css]
[fickle.aimmate.com/assets/css/plugins/TimeCircles.css]
[fickle.aimmate.com/assets/images/navigator.png]
[fickle.aimmate.com/assets/css/plugins/weatherFeed.css]
[fickle.aimmate.com/assets/css/plugins/simpleWeather.css]
[fickle.aimmate.com/assets/css/font-awesome/fonts/fontawesome-webfont862f.svg]
[fickle.aimmate.com/assets/css/img/loading.html]
[fickle.aimmate.com/assets/css/plugins/icheck/skins/minimal/minimal.png]
[fickle.aimmate.com/assets/css/plugins/icheck/skins/minimal/minimal@2x.png]
[fickle.aimmate.com/assets/css/plugins/icheck/skins/minimal/red.png]
[fickle.aimmate.com/assets/css/plugins/icheck/skins/minimal/red@2x.png]
[fickle.aimmate.com/assets/css/plugins/icheck/skins/minimal/green.png]
[fickle.aimmate.com/assets/css/plugins/icheck/skins/minimal/green@2x.png]
[fickle.aimmate.com/assets/css/plugins/icheck/skins/minimal/blue.png]
[fickle.aimmate.com/assets/css/plugins/icheck/skins/minimal/blue@2x.png]
[fickle.aimmate.com/assets/css/plugins/icheck/skins/minimal/aero.png]
[fickle.aimmate.com/assets/css/plugins/icheck/skins/minimal/aero@2x.png]
[fickle.aimmate.com/assets/css/plugins/icheck/skins/minimal/grey.png]
[fickle.aimmate.com/assets/css/plugins/icheck/skins/minimal/grey@2x.png]
[fickle.aimmate.com/assets/css/plugins/icheck/skins/minimal/orange.png]
[fickle.aimmate.com/assets/css/plugins/icheck/skins/minimal/orange@2x.png]
[fickle.aimmate.com/assets/css/plugins/icheck/skins/minimal/yellow.png]
[fickle.aimmate.com/assets/css/plugins/icheck/skins/minimal/yellow@2x.png]
[fickle.aimmate.com/assets/css/plugins/icheck/skins/minimal/pink.png]
[fickle.aimmate.com/assets/css/plugins/icheck/skins/minimal/pink@2x.png]
[fickle.aimmate.com/assets/css/plugins/icheck/skins/minimal/purple.png]
[fickle.aimmate.com/assets/css/plugins/icheck/skins/minimal/purple@2x.png]
[fickle.aimmate.com/assets/css/plugins/icheck/skins/minimal/_all.css]
[fickle.aimmate.com/assets/css/plugins/icheck/skins/square/square.png]
[fickle.aimmate.com/assets/css/plugins/icheck/skins/square/square@2x.png]
[fickle.aimmate.com/assets/css/plugins/icheck/skins/square/red.png]
[fickle.aimmate.com/assets/css/plugins/icheck/skins/square/red@2x.png]
[fickle.aimmate.com/assets/css/plugins/icheck/skins/square/green.png]
[fickle.aimmate.com/assets/css/plugins/icheck/skins/square/green@2x.png]
[fickle.aimmate.com/assets/css/plugins/icheck/skins/square/blue.png]
[fickle.aimmate.com/assets/css/plugins/icheck/skins/square/blue@2x.png]
[fickle.aimmate.com/assets/css/plugins/icheck/skins/square/aero.png]
[fickle.aimmate.com/assets/css/plugins/icheck/skins/square/aero@2x.png]
[fickle.aimmate.com/assets/css/plugins/icheck/skins/square/grey.png]
[fickle.aimmate.com/assets/css/plugins/icheck/skins/square/grey@2x.png]
[fickle.aimmate.com/assets/css/plugins/icheck/skins/square/orange.png]
[fickle.aimmate.com/assets/css/plugins/icheck/skins/square/orange@2x.png]
[fickle.aimmate.com/assets/css/plugins/icheck/skins/square/yellow.png]
[fickle.aimmate.com/assets/css/plugins/icheck/skins/square/yellow@2x.png]
[fickle.aimmate.com/assets/css/plugins/icheck/skins/square/pink.png]
[fickle.aimmate.com/assets/css/plugins/icheck/skins/square/pink@2x.png]
[fickle.aimmate.com/assets/css/plugins/icheck/skins/square/purple.png]
[fickle.aimmate.com/assets/css/plugins/icheck/skins/square/purple@2x.png]
[fickle.aimmate.com/assets/css/plugins/icheck/skins/square/_all.css]
[fickle.aimmate.com/assets/css/plugins/icheck/skins/flat/flat.png]
[fickle.aimmate.com/assets/css/plugins/icheck/skins/flat/flat@2x.png]
[fickle.aimmate.com/assets/css/plugins/icheck/skins/flat/red.png]
[fickle.aimmate.com/assets/css/plugins/icheck/skins/flat/red@2x.png]
[fickle.aimmate.com/assets/css/plugins/icheck/skins/flat/green.png]
[fickle.aimmate.com/assets/css/plugins/icheck/skins/flat/green@2x.png]
[fickle.aimmate.com/assets/css/plugins/icheck/skins/flat/blue.png]
[fickle.aimmate.com/assets/css/plugins/icheck/skins/flat/blue@2x.png]
[fickle.aimmate.com/assets/css/plugins/icheck/skins/flat/aero.png]
[fickle.aimmate.com/assets/css/plugins/icheck/skins/flat/aero@2x.png]
[fickle.aimmate.com/assets/css/plugins/icheck/skins/flat/grey.png]
[fickle.aimmate.com/assets/css/plugins/icheck/skins/flat/grey@2x.png]
[fickle.aimmate.com/assets/css/plugins/icheck/skins/flat/orange.png]
[fickle.aimmate.com/assets/css/plugins/icheck/skins/flat/orange@2x.png]
[fickle.aimmate.com/assets/css/plugins/icheck/skins/flat/yellow.png]
[fickle.aimmate.com/assets/css/plugins/icheck/skins/flat/yellow@2x.png]
[fickle.aimmate.com/assets/css/plugins/icheck/skins/flat/pink.png]
[fickle.aimmate.com/assets/css/plugins/icheck/skins/flat/pink@2x.png]
[fickle.aimmate.com/assets/css/plugins/icheck/skins/flat/purple.png]
[fickle.aimmate.com/assets/css/plugins/icheck/skins/flat/purple@2x.png]
[fickle.aimmate.com/assets/css/plugins/icheck/skins/flat/_all.css]
[fickle.aimmate.com/assets/css/plugins/icheck/skins/line/line.png]
[fickle.aimmate.com/assets/css/plugins/icheck/skins/line/line@2x.png]
[fickle.aimmate.com/assets/css/plugins/icheck/skins/line/_all.css]
[fickle.aimmate.com/assets/css/plugins/icheck/skins/polaris/polaris.png]
[fickle.aimmate.com/assets/css/plugins/icheck/skins/polaris/polaris@2x.png]
[fickle.aimmate.com/assets/css/plugins/icheck/skins/polaris/polaris.css]
[fickle.aimmate.com/assets/css/plugins/icheck/skins/futurico/futurico.png]
[fickle.aimmate.com/assets/css/plugins/icheck/skins/futurico/futurico@2x.png]
[fickle.aimmate.com/assets/css/plugins/icheck/skins/futurico/futurico.css]
[fickle.aimmate.com/assets/css/plugins/arrow_asc.html]
[fickle.aimmate.com/assets/css/plugins/arrow_desc.html]
[fickle.aimmate.com/assets/css/plugins/calendario/fonts/fontawesome-selected.svg]
